// Jest Snapshot v1, https://goo.gl/fbAQLP

exports[`should render GameInfo Component correctly  1`] = `
<div
  className="game-info"
  data-test="GameInfo Component"
>
  <div
    className="which-player"
  >
    <h4>
      Next Player    
    </h4>
    <h4
      className="next-player"
    />
  </div>
  <div
    className="name-and-matches"
  >
    <div
      className="wrap-player"
    >
      <p
        className="player-name"
      >
        Nick's matches
            
      </p>
      <p
        className="player-matches"
      >
        2
             
      </p>
    </div>
    <div
      className="wrap-player"
    >
      <p
        className="player-name"
      >
        Nora's matches
            
      </p>
      <p
        className="player-matches"
      >
        2
      </p>
    </div>
  </div>
</div>
`;
