// Jest Snapshot v1, https://goo.gl/fbAQLP

exports[`should render Board component 1`] = `
<div
  className="board-gameinfo-container"
  data-test="Board and GameInfo"
  style={
    Object {
      "pointerEvents": "auto",
    }
  }
>
  <h1
    className="title"
  >
    Memory
  </h1>
  <div
    className="board-container"
  >
    <div
      className="grid-container"
    >
      <div
        className="flip-container"
      >
        <button
          className="square-button"
          data-test="Square Component"
          onClick={[Function]}
        >
          <div
            className="back"
          />
        </button>
      </div>
      <div
        className="flip-container"
      >
        <button
          className="square-button"
          data-test="Square Component"
          onClick={[Function]}
        >
          <div
            className="back"
          />
        </button>
      </div>
      <div
        className="flip-container"
      >
        <button
          className="square-button"
          data-test="Square Component"
          onClick={[Function]}
        >
          <div
            className="back"
          />
        </button>
      </div>
      <div
        className="flip-container"
      >
        <button
          className="square-button"
          data-test="Square Component"
          onClick={[Function]}
        >
          <div
            className="back"
          />
        </button>
      </div>
      <div
        className="flip-container"
      >
        <button
          className="square-button"
          data-test="Square Component"
          onClick={[Function]}
        >
          <div
            className="back"
          />
        </button>
      </div>
      <div
        className="flip-container"
      >
        <button
          className="square-button"
          data-test="Square Component"
          onClick={[Function]}
        >
          <div
            className="back"
          />
        </button>
      </div>
      <div
        className="flip-container"
      >
        <button
          className="square-button"
          data-test="Square Component"
          onClick={[Function]}
        >
          <div
            className="back"
          />
        </button>
      </div>
      <div
        className="flip-container"
      >
        <button
          className="square-button"
          data-test="Square Component"
          onClick={[Function]}
        >
          <div
            className="back"
          />
        </button>
      </div>
      <div
        className="flip-container"
      >
        <button
          className="square-button"
          data-test="Square Component"
          onClick={[Function]}
        >
          <div
            className="back"
          />
        </button>
      </div>
      <div
        className="flip-container"
      >
        <button
          className="square-button"
          data-test="Square Component"
          onClick={[Function]}
        >
          <div
            className="back"
          />
        </button>
      </div>
      <div
        className="flip-container"
      >
        <button
          className="square-button"
          data-test="Square Component"
          onClick={[Function]}
        >
          <div
            className="back"
          />
        </button>
      </div>
      <div
        className="flip-container"
      >
        <button
          className="square-button"
          data-test="Square Component"
          onClick={[Function]}
        >
          <div
            className="back"
          />
        </button>
      </div>
      <div
        className="flip-container"
      >
        <button
          className="square-button"
          data-test="Square Component"
          onClick={[Function]}
        >
          <div
            className="back"
          />
        </button>
      </div>
      <div
        className="flip-container"
      >
        <button
          className="square-button"
          data-test="Square Component"
          onClick={[Function]}
        >
          <div
            className="back"
          />
        </button>
      </div>
      <div
        className="flip-container"
      >
        <button
          className="square-button"
          data-test="Square Component"
          onClick={[Function]}
        >
          <div
            className="back"
          />
        </button>
      </div>
      <div
        className="flip-container"
      >
        <button
          className="square-button"
          data-test="Square Component"
          onClick={[Function]}
        >
          <div
            className="back"
          />
        </button>
      </div>
      <div
        className="flip-container"
      >
        <button
          className="square-button"
          data-test="Square Component"
          onClick={[Function]}
        >
          <div
            className="back"
          />
        </button>
      </div>
      <div
        className="flip-container"
      >
        <button
          className="square-button"
          data-test="Square Component"
          onClick={[Function]}
        >
          <div
            className="back"
          />
        </button>
      </div>
    </div>
  </div>
  <div
    className="game-info"
    data-test="GameInfo Component"
  >
    <div
      className="which-player"
    >
      <h4>
        Next Player    
      </h4>
      <h4
        className="next-player"
      >
        Sarah
      </h4>
    </div>
    <div
      className="name-and-matches"
    >
      <div
        className="wrap-player"
      >
        <p
          className="player-name"
        >
          Sarah's matches
              
        </p>
        <p
          className="player-matches"
        >
          0
               
        </p>
      </div>
      <div
        className="wrap-player"
      >
        <p
          className="player-name"
        >
          Piper's matches
              
        </p>
        <p
          className="player-matches"
        >
          0
        </p>
      </div>
    </div>
  </div>
</div>
`;

exports[`should render PlayerForm 1`] = `
<div
  className="playerform-container"
>
  <h1
    className="title"
  >
    Memory
  </h1>
  <form
    className="form-container"
    data-test="Player Form"
    onSubmit={[Function]}
  >
    <label>
      Player 1:
      <input
        name="playerA"
        onChange={[Function]}
        placeholder="Enter name"
        type="text"
        value=""
      />
    </label>
    <label>
      Player 2:
      <input
        name="playerB"
        onChange={[Function]}
        placeholder="Enter name"
        type="text"
        value=""
      />
    </label>
    <button>
      Begin Game!
    </button>
  </form>
</div>
`;
