// Jest Snapshot v1, https://goo.gl/fbAQLP

exports[`should render Board component 1`] = `
<div
  className="title-container"
  data-test="Board and GameInfo"
  style={
    Object {
      "pointerEvents": "auto",
    }
  }
>
  <h1
    className="title"
  >
    Memory
  </h1>
  <div
    className="board-grid-container"
  >
    <div
      className="flip-container"
    >
      <button
        data-test="Square Component"
        onClick={[Function]}
      >
        <div
          className="back"
        />
      </button>
    </div>
    <div
      className="flip-container"
    >
      <button
        data-test="Square Component"
        onClick={[Function]}
      >
        <div
          className="back"
        />
      </button>
    </div>
    <div
      className="flip-container"
    >
      <button
        data-test="Square Component"
        onClick={[Function]}
      >
        <div
          className="back"
        />
      </button>
    </div>
    <div
      className="flip-container"
    >
      <button
        data-test="Square Component"
        onClick={[Function]}
      >
        <div
          className="back"
        />
      </button>
    </div>
    <div
      className="flip-container"
    >
      <button
        data-test="Square Component"
        onClick={[Function]}
      >
        <div
          className="back"
        />
      </button>
    </div>
    <div
      className="flip-container"
    >
      <button
        data-test="Square Component"
        onClick={[Function]}
      >
        <div
          className="back"
        />
      </button>
    </div>
    <div
      className="flip-container"
    >
      <button
        data-test="Square Component"
        onClick={[Function]}
      >
        <div
          className="back"
        />
      </button>
    </div>
    <div
      className="flip-container"
    >
      <button
        data-test="Square Component"
        onClick={[Function]}
      >
        <div
          className="back"
        />
      </button>
    </div>
    <div
      className="flip-container"
    >
      <button
        data-test="Square Component"
        onClick={[Function]}
      >
        <div
          className="back"
        />
      </button>
    </div>
    <div
      className="flip-container"
    >
      <button
        data-test="Square Component"
        onClick={[Function]}
      >
        <div
          className="back"
        />
      </button>
    </div>
    <div
      className="flip-container"
    >
      <button
        data-test="Square Component"
        onClick={[Function]}
      >
        <div
          className="back"
        />
      </button>
    </div>
    <div
      className="flip-container"
    >
      <button
        data-test="Square Component"
        onClick={[Function]}
      >
        <div
          className="back"
        />
      </button>
    </div>
    <div
      className="flip-container"
    >
      <button
        data-test="Square Component"
        onClick={[Function]}
      >
        <div
          className="back"
        />
      </button>
    </div>
    <div
      className="flip-container"
    >
      <button
        data-test="Square Component"
        onClick={[Function]}
      >
        <div
          className="back"
        />
      </button>
    </div>
    <div
      className="flip-container"
    >
      <button
        data-test="Square Component"
        onClick={[Function]}
      >
        <div
          className="back"
        />
      </button>
    </div>
    <div
      className="flip-container"
    >
      <button
        data-test="Square Component"
        onClick={[Function]}
      >
        <div
          className="back"
        />
      </button>
    </div>
    <div
      className="flip-container"
    >
      <button
        data-test="Square Component"
        onClick={[Function]}
      >
        <div
          className="back"
        />
      </button>
    </div>
    <div
      className="flip-container"
    >
      <button
        data-test="Square Component"
        onClick={[Function]}
      >
        <div
          className="back"
        />
      </button>
    </div>
  </div>
  <div
    data-set="GameInfo Component"
  >
    <div>
      <h4>
        Next Player: Sarah
      </h4>
      <p>
        Sarah's matches: 0
      </p>
      <p>
        Piper's matches: 0
      </p>
    </div>
  </div>
</div>
`;

exports[`should render PlayerForm 1`] = `
<div
  className="title-container"
>
  <h1
    className="title"
  >
    Memory
  </h1>
  <form
    className="form-container"
    data-test="Player Form"
    onSubmit={[Function]}
  >
    <label>
      Player 1:
      <input
        name="playerA"
        onChange={[Function]}
        placeholder="Enter name"
        type="text"
        value=""
      />
    </label>
    <label>
      Player 2:
      <input
        name="playerB"
        onChange={[Function]}
        placeholder="Enter name"
        type="text"
        value=""
      />
    </label>
    <button>
      Begin Game!
    </button>
  </form>
</div>
`;
