// Jest Snapshot v1, https://goo.gl/fbAQLP

exports[`should render Board Component correctly 1`] = `
<div
  className="grid-container"
>
  <div
    className="flip-container"
  >
    <button
      className="square-button"
      data-test="Square Component"
      onClick={[Function]}
    >
      <div
        className="back"
      />
    </button>
  </div>
  <div
    className="flip-container"
  >
    <button
      className="square-button"
      data-test="Square Component"
      onClick={[Function]}
    >
      <div
        className="flipper"
      >
        <div
          className="front"
        >
          <img
            alt=""
            src={47}
          />
        </div>
      </div>
    </button>
  </div>
</div>
`;
